
Discarded input sections

 .text          0x00000000        0x0 Interrupt.o
 .data          0x00000000        0x0 Interrupt.o
 .bss           0x00000000        0x0 Interrupt.o
 .text          0x00000000        0x0 Interrupt_VectorTable.o
 .data          0x00000000        0x0 Interrupt_VectorTable.o
 .bss           0x00000000        0x0 Interrupt_VectorTable.o
 .text          0x00000000        0x0 SampleApp.o
 .data          0x00000000        0x0 SampleApp.o
 .bss           0x00000000        0x0 SampleApp.o
 .data          0x00000000        0x0 startup_stm32f407vg.o
 .bss           0x00000000        0x0 startup_stm32f407vg.o

Memory Configuration

Name             Origin             Length             Attributes
FLASH            0x08000000         0x00020000         xr
SRAM             0x20000000         0x0000ffff         xrw
STACK            0x2000ffff         0x00000000         rw
*default*        0x00000000         0xffffffff

Linker script and memory map

LOAD Interrupt.o
LOAD Interrupt_VectorTable.o
LOAD SampleApp.o
LOAD startup_stm32f407vg.o
START GROUP
LOAD c:/users/ndy3hc/desktop/tool/gcc/gcc-arm-none-eabi-7-2018-q2-update-win32/bin/../lib/gcc/arm-none-eabi/7.3.1/thumb/v7e-m/fpv4-sp/hard\libgcc.a
LOAD c:/users/ndy3hc/desktop/tool/gcc/gcc-arm-none-eabi-7-2018-q2-update-win32/bin/../lib/gcc/arm-none-eabi/7.3.1/../../../../arm-none-eabi/lib/thumb/v7e-m/fpv4-sp/hard\libc.a
END GROUP

.text           0x08000000      0x1a8
 *(.vectortable_area)
 .vectortable_area
                0x08000000       0x4c Interrupt_VectorTable.o
                0x08000000                exception_table
 *(.text*)
 .text.NMIException
                0x0800004c       0x10 Interrupt.o
                0x0800004c                NMIException
 .text.HardFaultException
                0x0800005c       0x10 Interrupt.o
                0x0800005c                HardFaultException
 .text.MemManageException
                0x0800006c       0x10 Interrupt.o
                0x0800006c                MemManageException
 .text.BusFaultException
                0x0800007c       0x10 Interrupt.o
                0x0800007c                BusFaultException
 .text.UsageFaultException
                0x0800008c       0x10 Interrupt.o
                0x0800008c                UsageFaultException
 .text.SVCHandler
                0x0800009c       0x10 Interrupt.o
                0x0800009c                SVCHandler
 .text.DebugMonitor
                0x080000ac       0x10 Interrupt.o
                0x080000ac                DebugMonitor
 .text.PendSVC  0x080000bc       0x10 Interrupt.o
                0x080000bc                PendSVC
 .text.SysTickHandler
                0x080000cc       0x10 Interrupt.o
                0x080000cc                SysTickHandler
 .text.dummy_handler
                0x080000dc       0x2c Interrupt.o
                0x080000dc                dummy_handler
 .text.main     0x08000108       0x30 SampleApp.o
                0x08000108                main
 .text.add_list
                0x08000138       0x28 SampleApp.o
                0x08000138                add_list
 .text          0x08000160       0x40 startup_stm32f407vg.o
                0x08000160                __user_reset_init
 *(.rodata*)
 .rodata        0x080001a0        0x8 SampleApp.o
                0x080001a8                __data_flash_end__ = .

.glue_7         0x080001a8        0x0
 .glue_7        0x080001a8        0x0 linker stubs

.glue_7t        0x080001a8        0x0
 .glue_7t       0x080001a8        0x0 linker stubs

.vfp11_veneer   0x080001a8        0x0
 .vfp11_veneer  0x080001a8        0x0 linker stubs

.v4_bx          0x080001a8        0x0
 .v4_bx         0x080001a8        0x0 linker stubs

.iplt           0x080001a8        0x0
 .iplt          0x080001a8        0x0 Interrupt.o

.igot.plt       0x080001a8        0x0
 .igot.plt      0x080001a8        0x0 Interrupt.o

.rel.dyn        0x080001a8        0x0
 .rel.iplt      0x080001a8        0x0 Interrupt.o

.data_ram       0x20000000       0x10 load address 0x080001a8
                0x20000000                __data_ram_begin__ = .
 *(.data*)
 .data.arr      0x20000000        0x4 SampleApp.o
                0x20000000                arr
 .data.mylist   0x20000004        0xc SampleApp.o
                0x20000004                mylist
                0x20000010                __data_ram_end__ = .

.bss            0x20000010        0x4 load address 0x080001b8
                0x20000010                . = ALIGN (0x4)
                0x20000010                __bss_begin__ = .
 *(.bss*)
 .bss.dummy_var.5429
                0x20000010        0x4 Interrupt.o
                0x20000014                . = ALIGN (0x4)
                0x20000014                __bss_end__ = .

.stack          0x2000ffff        0x0
                0x2000ffff                _USER_STACK = .
OUTPUT(project.elf elf32-littlearm)

.debug_info     0x00000000      0x2cf
 .debug_info    0x00000000      0x12f Interrupt.o
 .debug_info    0x0000012f       0x74 Interrupt_VectorTable.o
 .debug_info    0x000001a3      0x12c SampleApp.o

.debug_abbrev   0x00000000      0x204
 .debug_abbrev  0x00000000       0xa3 Interrupt.o
 .debug_abbrev  0x000000a3       0x6b Interrupt_VectorTable.o
 .debug_abbrev  0x0000010e       0xf6 SampleApp.o

.debug_aranges  0x00000000       0xa8
 .debug_aranges
                0x00000000       0x68 Interrupt.o
 .debug_aranges
                0x00000068       0x18 Interrupt_VectorTable.o
 .debug_aranges
                0x00000080       0x28 SampleApp.o

.debug_ranges   0x00000000       0x70
 .debug_ranges  0x00000000       0x58 Interrupt.o
 .debug_ranges  0x00000058       0x18 SampleApp.o

.debug_line     0x00000000      0x198
 .debug_line    0x00000000       0xef Interrupt.o
 .debug_line    0x000000ef       0x53 Interrupt_VectorTable.o
 .debug_line    0x00000142       0x56 SampleApp.o

.debug_str      0x00000000      0x2b4
 .debug_str     0x00000000      0x22d Interrupt.o
 .debug_str     0x0000022d       0x18 Interrupt_VectorTable.o
                                0x199 (size before relaxing)
 .debug_str     0x00000245       0x6f SampleApp.o
                                0x1c8 (size before relaxing)

.comment        0x00000000       0x7f
 .comment       0x00000000       0x7f Interrupt.o
                                 0x80 (size before relaxing)
 .comment       0x0000007f       0x80 Interrupt_VectorTable.o
 .comment       0x0000007f       0x80 SampleApp.o

.ARM.attributes
                0x00000000       0x37
 .ARM.attributes
                0x00000000       0x39 Interrupt.o
 .ARM.attributes
                0x00000039       0x39 Interrupt_VectorTable.o
 .ARM.attributes
                0x00000072       0x39 SampleApp.o
 .ARM.attributes
                0x000000ab       0x1b startup_stm32f407vg.o

.debug_frame    0x00000000      0x1a8
 .debug_frame   0x00000000      0x150 Interrupt.o
 .debug_frame   0x00000150       0x58 SampleApp.o
