ARM GAS  ../github/stm32/common/arm/startup_stm32f407VG.s 			page 1


   1              	/*******************************************************************************
   2              	* The startup code must be linked at the start of ROM which is NOT necessarily
   3              	* address zero
   4              	*/
   5              	  .syntax unified
   6              	  .arch armv7-m
   7              	  .text
   8              	  .thumb
   9              	  .thumb_func
  10              	  .align 2
  11              	  .global __user_reset_init
  12              	  .func   __user_reset_init
  13              	  .type   __user_reset_init, %function
  14              	__user_reset_init:
  15              	/*  Single BSS section scheme.
  16              	 *
  17              	 *  The BSS section is specified by following symbols
  18              	 *    __bss_begin__: start of the BSS section.
  19              	 *    __bss_end__: end of the BSS section.
  20              	 *
  21              	 *  Both addresses must be aligned to 4 bytes boundary.
  22              	 */
  23 0000 0B49     	    ldr r1, =__bss_begin__
  24 0002 0C4A     	    ldr r2, =__bss_end__
  25              	
  26 0004 0020     	    movs r0, 0
  27              	.L_loop3:
  28 0006 9142     	    cmp r1, r2
  29 0008 BCBF     	    itt lt
  30 000a 41F8040B 	    strlt r0, [r1], #4
  31 000e FAE7     	    blt .L_loop3
  32              	
  33              	/*  Single section scheme.
  34              	 *
  35              	 *  The ranges of copy from/to are specified by following symbols
  36              	 *    __data_flash_end__: LMA of start of the section to copy from. Usually end of text
  37              	 *    __data_ram_begin__: VMA of start of the section to copy to
  38              	 *    __data_ram_end__: VMA of end of the section to copy to
  39              	 *
  40              	 *  All addresses must be aligned to 4 bytes boundary.
  41              	 */
  42 0010 0949     	    ldr r1, =__data_flash_end__
  43 0012 0A4A     	    ldr r2, =__data_ram_begin__
  44 0014 0A4B     	    ldr r3, =__data_ram_end__
  45              	
  46              	.L_loop1:
  47 0016 9A42     	    cmp r2, r3
  48 0018 BEBF     	    ittt lt
  49 001a 51F8040B 	    ldrlt r0, [r1], #4
  50 001e 42F8040B 	    strlt r0, [r2], #4
  51 0022 F8E7     	    blt .L_loop1
  52              	
  53              	/* Call system initialize function then call user main */
  54 0024 FFF7FEFF 	    bl System_Init
  55 0028 FFF7FEFF 	    bl main
  56              	    // ldr r12, =main
  57              	    // mov lr, pc
ARM GAS  ../github/stm32/common/arm/startup_stm32f407VG.s 			page 2


  58              	    // bx r12
  59 002c 30BF     	    wfi
  60 002e FEE70000 	    b .
  60      00000000 
  60      00000000 
  60      00000000 
  60      00000000 
ARM GAS  ../github/stm32/common/arm/startup_stm32f407VG.s 			page 3


DEFINED SYMBOLS
                            *ABS*:00000001 STM32F407xx
                            *ABS*:000002d1 __GCC_VERSION
                            *ABS*:00000001 __GCC
                            *ABS*:00000210 __UVISION_VERSION
../github/stm32/common/arm/startup_stm32f407VG.s:10     .text:00000000 $t
../github/stm32/common/arm/startup_stm32f407VG.s:14     .text:00000000 __user_reset_init
../github/stm32/common/arm/startup_stm32f407VG.s:60     .text:00000030 $d

UNDEFINED SYMBOLS
__bss_begin__
__bss_end__
__data_flash_end__
__data_ram_begin__
__data_ram_end__
System_Init
main
